Archive member included to satisfy reference by file (symbol)

/opt/eclipse/plugins/fr.ac6.mcu.externaltools.arm-none.linux64_1.11.0.201610101240/tools/gcc-arm-none-eabi-5_4-2016q2/bin/../lib/gcc/arm-none-eabi/5.4.1/armv7e-m/fpu/libgcc.a(_lshrdi3.o)
                              Drivers/STM32F3xx_HAL_Driver/Src/stm32f3xx_hal_flash.o (__aeabi_llsr)
/opt/eclipse/plugins/fr.ac6.mcu.externaltools.arm-none.linux64_1.11.0.201610101240/tools/gcc-arm-none-eabi-5_4-2016q2/bin/../lib/gcc/arm-none-eabi/5.4.1/../../../../arm-none-eabi/lib/armv7e-m/fpu/libc_nano.a(lib_a-exit.o)
                              /opt/eclipse/plugins/fr.ac6.mcu.externaltools.arm-none.linux64_1.11.0.201610101240/tools/gcc-arm-none-eabi-5_4-2016q2/bin/../lib/gcc/arm-none-eabi/5.4.1/../../../../arm-none-eabi/lib/armv7e-m/fpu/crt0.o (exit)
/opt/eclipse/plugins/fr.ac6.mcu.externaltools.arm-none.linux64_1.11.0.201610101240/tools/gcc-arm-none-eabi-5_4-2016q2/bin/../lib/gcc/arm-none-eabi/5.4.1/../../../../arm-none-eabi/lib/armv7e-m/fpu/libc_nano.a(lib_a-impure.o)
                              /opt/eclipse/plugins/fr.ac6.mcu.externaltools.arm-none.linux64_1.11.0.201610101240/tools/gcc-arm-none-eabi-5_4-2016q2/bin/../lib/gcc/arm-none-eabi/5.4.1/../../../../arm-none-eabi/lib/armv7e-m/fpu/libc_nano.a(lib_a-exit.o) (_global_impure_ptr)
/opt/eclipse/plugins/fr.ac6.mcu.externaltools.arm-none.linux64_1.11.0.201610101240/tools/gcc-arm-none-eabi-5_4-2016q2/bin/../lib/gcc/arm-none-eabi/5.4.1/../../../../arm-none-eabi/lib/armv7e-m/fpu/libc_nano.a(lib_a-init.o)
                              /opt/eclipse/plugins/fr.ac6.mcu.externaltools.arm-none.linux64_1.11.0.201610101240/tools/gcc-arm-none-eabi-5_4-2016q2/bin/../lib/gcc/arm-none-eabi/5.4.1/../../../../arm-none-eabi/lib/armv7e-m/fpu/crt0.o (__libc_init_array)
/opt/eclipse/plugins/fr.ac6.mcu.externaltools.arm-none.linux64_1.11.0.201610101240/tools/gcc-arm-none-eabi-5_4-2016q2/bin/../lib/gcc/arm-none-eabi/5.4.1/../../../../arm-none-eabi/lib/armv7e-m/fpu/libc_nano.a(lib_a-memset.o)
                              /opt/eclipse/plugins/fr.ac6.mcu.externaltools.arm-none.linux64_1.11.0.201610101240/tools/gcc-arm-none-eabi-5_4-2016q2/bin/../lib/gcc/arm-none-eabi/5.4.1/../../../../arm-none-eabi/lib/armv7e-m/fpu/crt0.o (memset)
/opt/eclipse/plugins/fr.ac6.mcu.externaltools.arm-none.linux64_1.11.0.201610101240/tools/gcc-arm-none-eabi-5_4-2016q2/bin/../lib/gcc/arm-none-eabi/5.4.1/../../../../arm-none-eabi/lib/armv7e-m/fpu/libnosys.a(_exit.o)
                              /opt/eclipse/plugins/fr.ac6.mcu.externaltools.arm-none.linux64_1.11.0.201610101240/tools/gcc-arm-none-eabi-5_4-2016q2/bin/../lib/gcc/arm-none-eabi/5.4.1/../../../../arm-none-eabi/lib/armv7e-m/fpu/libc_nano.a(lib_a-exit.o) (_exit)

Allocating common symbols
Common symbol       size              file

ledAlarmState       0x1               Src/comm.o
htim15              0x3c              Src/tim.o
bldcStartOLcounter  0x2               Src/comm.o
uwTick              0x4               Drivers/STM32F3xx_HAL_Driver/Src/stm32f3xx_hal.o
pFlash              0x20              Drivers/STM32F3xx_HAL_Driver/Src/stm32f3xx_hal_flash.o
bldcStartOLstep     0x4               Src/comm.o
hadc1               0x54              Src/adc.o
ledAlarmBlinkState  0x1               Src/comm.o
Data                0x28              Src/driver_bldc1.o
sendingBuffor       0x28              Src/comm.o
hdma_adc1           0x3c              Src/adc.o
htim1               0x3c              Src/tim.o
commUARTRecived     0x6               Src/comm.o
buf                 0xc               Src/main.o
g_ADCBuffer         0xe               Src/driver_bldc1.o
htim2               0x3c              Src/tim.o
huart2              0x70              Src/usart.o
bldcStartOLddiff    0x4               Src/comm.o
htim16              0x3c              Src/tim.o

Discarded input sections

 .text          0x00000000        0x0 /opt/eclipse/plugins/fr.ac6.mcu.externaltools.arm-none.linux64_1.11.0.201610101240/tools/gcc-arm-none-eabi-5_4-2016q2/bin/../lib/gcc/arm-none-eabi/5.4.1/armv7e-m/fpu/crti.o
 .data          0x00000000        0x0 /opt/eclipse/plugins/fr.ac6.mcu.externaltools.arm-none.linux64_1.11.0.201610101240/tools/gcc-arm-none-eabi-5_4-2016q2/bin/../lib/gcc/arm-none-eabi/5.4.1/armv7e-m/fpu/crti.o
 .bss           0x00000000        0x0 /opt/eclipse/plugins/fr.ac6.mcu.externaltools.arm-none.linux64_1.11.0.201610101240/tools/gcc-arm-none-eabi-5_4-2016q2/bin/../lib/gcc/arm-none-eabi/5.4.1/armv7e-m/fpu/crti.o
 .data          0x00000000        0x4 /opt/eclipse/plugins/fr.ac6.mcu.externaltools.arm-none.linux64_1.11.0.201610101240/tools/gcc-arm-none-eabi-5_4-2016q2/bin/../lib/gcc/arm-none-eabi/5.4.1/armv7e-m/fpu/crtbegin.o
 .text          0x00000000       0x74 /opt/eclipse/plugins/fr.ac6.mcu.externaltools.arm-none.linux64_1.11.0.201610101240/tools/gcc-arm-none-eabi-5_4-2016q2/bin/../lib/gcc/arm-none-eabi/5.4.1/../../../../arm-none-eabi/lib/armv7e-m/fpu/crt0.o
[...]
Memory Configuration

Name             Origin             Length             Attributes
RAM              0x20000000         0x00004000         xrw
FLASH            0x08000000         0x00010000         xr
*default*        0x00000000         0xffffffff

Linker script and memory map

LOAD /opt/eclipse/plugins/fr.ac6.mcu.externaltools.arm-none.linux64_1.11.0.201610101240/tools/gcc-arm-none-eabi-5_4-2016q2/bin/../lib/gcc/arm-none-eabi/5.4.1/armv7e-m/fpu/crti.o
LOAD /opt/eclipse/plugins/fr.ac6.mcu.externaltools.arm-none.linux64_1.11.0.201610101240/tools/gcc-arm-none-eabi-5_4-2016q2/bin/../lib/gcc/arm-none-eabi/5.4.1/armv7e-m/fpu/crtbegin.o
LOAD /opt/eclipse/plugins/fr.ac6.mcu.externaltools.arm-none.linux64_1.11.0.201610101240/tools/gcc-arm-none-eabi-5_4-2016q2/bin/../lib/gcc/arm-none-eabi/5.4.1/../../../../arm-none-eabi/lib/armv7e-m/fpu/crt0.o
LOAD /opt/eclipse/plugins/fr.ac6.mcu.externaltools.arm-none.linux64_1.11.0.201610101240/tools/gcc-arm-none-eabi-5_4-2016q2/bin/../lib/gcc/arm-none-eabi/5.4.1/../../../../arm-none-eabi/lib/armv7e-m/fpu/libm.a
LOAD Src/adc.o
LOAD Src/comm.o
LOAD Src/dma.o
LOAD Src/driver_bldc1.o
LOAD Src/gpio.o
LOAD Src/main.o
LOAD Src/stm32f3xx_hal_msp.o
LOAD Src/stm32f3xx_it.o
LOAD Src/tim.o
LOAD Src/usart.o
LOAD Drivers/STM32F3xx_HAL_Driver/Src/stm32f3xx_hal.o
LOAD Drivers/STM32F3xx_HAL_Driver/Src/stm32f3xx_hal_adc.o
LOAD Drivers/STM32F3xx_HAL_Driver/Src/stm32f3xx_hal_adc_ex.o
LOAD Drivers/STM32F3xx_HAL_Driver/Src/stm32f3xx_hal_cortex.o
LOAD Drivers/STM32F3xx_HAL_Driver/Src/stm32f3xx_hal_dma.o
LOAD Drivers/STM32F3xx_HAL_Driver/Src/stm32f3xx_hal_flash.o
LOAD Drivers/STM32F3xx_HAL_Driver/Src/stm32f3xx_hal_flash_ex.o
LOAD Drivers/STM32F3xx_HAL_Driver/Src/stm32f3xx_hal_gpio.o
LOAD Drivers/STM32F3xx_HAL_Driver/Src/stm32f3xx_hal_i2c.o
LOAD Drivers/STM32F3xx_HAL_Driver/Src/stm32f3xx_hal_i2c_ex.o
LOAD Drivers/STM32F3xx_HAL_Driver/Src/stm32f3xx_hal_pwr.o
LOAD Drivers/STM32F3xx_HAL_Driver/Src/stm32f3xx_hal_pwr_ex.o
LOAD Drivers/STM32F3xx_HAL_Driver/Src/stm32f3xx_hal_rcc.o
LOAD Drivers/STM32F3xx_HAL_Driver/Src/stm32f3xx_hal_rcc_ex.o
LOAD Drivers/STM32F3xx_HAL_Driver/Src/stm32f3xx_hal_tim.o
LOAD Drivers/STM32F3xx_HAL_Driver/Src/stm32f3xx_hal_tim_ex.o
LOAD Drivers/STM32F3xx_HAL_Driver/Src/stm32f3xx_hal_uart.o
LOAD Drivers/STM32F3xx_HAL_Driver/Src/stm32f3xx_hal_uart_ex.o
LOAD Drivers/CMSIS/Device/ST/STM32F3xx/Source/Templates/system_stm32f3xx.o
LOAD Drivers/CMSIS/Device/ST/STM32F3xx/Source/Templates/gcc/startup_stm32f302x8.o
START GROUP
LOAD /opt/eclipse/plugins/fr.ac6.mcu.externaltools.arm-none.linux64_1.11.0.201610101240/tools/gcc-arm-none-eabi-5_4-2016q2/bin/../lib/gcc/arm-none-eabi/5.4.1/armv7e-m/fpu/libgcc.a
LOAD /opt/eclipse/plugins/fr.ac6.mcu.externaltools.arm-none.linux64_1.11.0.201610101240/tools/gcc-arm-none-eabi-5_4-2016q2/bin/../lib/gcc/arm-none-eabi/5.4.1/../../../../arm-none-eabi/lib/armv7e-m/fpu/libc_nano.a
END GROUP
START GROUP
LOAD /opt/eclipse/plugins/fr.ac6.mcu.externaltools.arm-none.linux64_1.11.0.201610101240/tools/gcc-arm-none-eabi-5_4-2016q2/bin/../lib/gcc/arm-none-eabi/5.4.1/armv7e-m/fpu/libgcc.a
LOAD /opt/eclipse/plugins/fr.ac6.mcu.externaltools.arm-none.linux64_1.11.0.201610101240/tools/gcc-arm-none-eabi-5_4-2016q2/bin/../lib/gcc/arm-none-eabi/5.4.1/../../../../arm-none-eabi/lib/armv7e-m/fpu/libc_nano.a
LOAD /opt/eclipse/plugins/fr.ac6.mcu.externaltools.arm-none.linux64_1.11.0.201610101240/tools/gcc-arm-none-eabi-5_4-2016q2/bin/../lib/gcc/arm-none-eabi/5.4.1/../../../../arm-none-eabi/lib/armv7e-m/fpu/libnosys.a
END GROUP
START GROUP
LOAD /opt/eclipse/plugins/fr.ac6.mcu.externaltools.arm-none.linux64_1.11.0.201610101240/tools/gcc-arm-none-eabi-5_4-2016q2/bin/../lib/gcc/arm-none-eabi/5.4.1/armv7e-m/fpu/libgcc.a
LOAD /opt/eclipse/plugins/fr.ac6.mcu.externaltools.arm-none.linux64_1.11.0.201610101240/tools/gcc-arm-none-eabi-5_4-2016q2/bin/../lib/gcc/arm-none-eabi/5.4.1/../../../../arm-none-eabi/lib/armv7e-m/fpu/libc_nano.a
LOAD /opt/eclipse/plugins/fr.ac6.mcu.externaltools.arm-none.linux64_1.11.0.201610101240/tools/gcc-arm-none-eabi-5_4-2016q2/bin/../lib/gcc/arm-none-eabi/5.4.1/../../../../arm-none-eabi/lib/armv7e-m/fpu/libnosys.a
END GROUP
LOAD /opt/eclipse/plugins/fr.ac6.mcu.externaltools.arm-none.linux64_1.11.0.201610101240/tools/gcc-arm-none-eabi-5_4-2016q2/bin/../lib/gcc/arm-none-eabi/5.4.1/armv7e-m/fpu/crtend.o
LOAD /opt/eclipse/plugins/fr.ac6.mcu.externaltools.arm-none.linux64_1.11.0.201610101240/tools/gcc-arm-none-eabi-5_4-2016q2/bin/../lib/gcc/arm-none-eabi/5.4.1/armv7e-m/fpu/crtn.o
                0x20004000                _estack = 0x20004000
                0x00000200                _Min_Heap_Size = 0x200
                0x00000400                _Min_Stack_Size = 0x400

.isr_vector     0x08000000      0x188
                0x08000000                . = ALIGN (0x4)
 *(.isr_vector)
 .isr_vector    0x08000000      0x188 Drivers/CMSIS/Device/ST/STM32F3xx/Source/Templates/gcc/startup_stm32f302x8.o
                0x08000000                g_pfnVectors
                0x08000188                . = ALIGN (0x4)

.text           0x08000188     0x3890
                0x08000188                . = ALIGN (0x4)
 *(.text)
 .text          0x08000188       0x5c /opt/eclipse/plugins/fr.ac6.mcu.externaltools.arm-none.linux64_1.11.0.201610101240/tools/gcc-arm-none-eabi-5_4-2016q2/bin/../lib/gcc/arm-none-eabi/5.4.1/armv7e-m/fpu/crtbegin.o
 *(.text*)
 .text.MX_ADC1_Init
                0x080001e4       0xf8 Src/adc.o
                0x080001e4                MX_ADC1_Init
 .text.HAL_ADC_MspInit
                0x080002dc       0xb4 Src/adc.o
                0x080002dc                HAL_ADC_MspInit
 .text.commLedReset
                0x08000390       0x10 Src/comm.o
                0x08000390                commLedReset
 .text.commLedSet
                0x080003a0       0x20 Src/comm.o
                0x080003a0                commLedSet
 .text.commUARTInit
                0x080003c0       0x14 Src/comm.o
                0x080003c0                commUARTInit
 .text.commInit
                0x080003d4        0x4 Src/comm.o
                0x080003d4                commInit
 .text.commUARTSent2
                0x080003d8       0x30 Src/comm.o
                0x080003d8                commUARTSent2
 .text.commUARTdata
                0x08000408       0x30 Src/comm.o
                0x08000408                commUARTdata
 .text.commUARTHandleRecivedMsg
                0x08000438       0xf8 Src/comm.o
                0x08000438                commUARTHandleRecivedMsg
 .text.HAL_UART_RxCpltCallback
                0x08000530        0xe Src/comm.o
                0x08000530                HAL_UART_RxCpltCallback
 *fill*         0x0800053e        0x2 
 .text.commButtonClicked
                0x08000540       0x20 Src/comm.o
                0x08000540                commButtonClicked
 .text.HAL_GPIO_EXTI_Callback
                0x08000560        0xc Src/comm.o
                0x08000560                HAL_GPIO_EXTI_Callback
 .text.MX_DMA_Init
                0x0800056c       0x30 Src/dma.o
                0x0800056c                MX_DMA_Init
 .text.bldcInit
                0x0800059c       0x40 Src/driver_bldc1.o
                0x0800059c                bldcInit
 .text.bldcStart
                0x080005dc       0x48 Src/driver_bldc1.o
                0x080005dc                bldcStart
 .text.bldcStop
                0x08000624       0x74 Src/driver_bldc1.o
                0x08000624                bldcStop
 .text.bldcIT   0x08000698       0xc4 Src/driver_bldc1.o
                0x08000698                bldcIT
 .text.bldcStartOLInit
                0x0800075c       0x44 Src/driver_bldc1.o
                0x0800075c                bldcStartOLInit
 .text.initiallPositioning
                0x080007a0       0xa0 Src/driver_bldc1.o
                0x080007a0                initiallPositioning
 .text.bldcStartOLSetTimer
                0x08000840       0x9c Src/driver_bldc1.o
                0x08000840                bldcStartOLSetTimer
 .text.estimateCommutation
                0x080008dc       0x50 Src/driver_bldc1.o
                0x080008dc                estimateCommutation
 .text.HAL_ADC_ConvCpltCallback
                0x0800092c       0xa0 Src/driver_bldc1.o
                0x0800092c                HAL_ADC_ConvCpltCallback
 .text.setDutyCycle
                0x080009cc       0x64 Src/driver_bldc1.o
                0x080009cc                setDutyCycle
 .text.bldcLoop
                0x08000a30       0x88 Src/driver_bldc1.o
                0x08000a30                bldcLoop
 .text.dutyCycleLoop
                0x08000ab8       0x44 Src/driver_bldc1.o
                0x08000ab8                dutyCycleLoop
 .text.bldcSysTick
                0x08000afc       0x48 Src/driver_bldc1.o
                0x08000afc                bldcSysTick
 .text.MX_GPIO_Init
                0x08000b44       0xf8 Src/gpio.o
                0x08000b44                MX_GPIO_Init
 .text.SystemClock_Config
                0x08000c3c       0x80 Src/main.o
                0x08000c3c                SystemClock_Config
 .text.startup.main
                0x08000cbc       0x48 Src/main.o
                0x08000cbc                main
 .text.HAL_TIM_PeriodElapsedCallback
                0x08000d04        0x4 Src/main.o
                0x08000d04                HAL_TIM_PeriodElapsedCallback
 .text.HAL_SYSTICK_Callback
                0x08000d08        0x4 Src/main.o
                0x08000d08                HAL_SYSTICK_Callback
 .text.Error_Handler
                0x08000d0c        0x2 Src/main.o
                0x08000d0c                Error_Handler
 *fill*         0x08000d0e        0x2 
 .text.HAL_MspInit
                0x08000d10       0x7c Src/stm32f3xx_hal_msp.o
                0x08000d10                HAL_MspInit
 .text.SVC_Handler
                0x08000d8c        0x2 Src/stm32f3xx_it.o
                0x08000d8c                SVC_Handler
 .text.PendSV_Handler
                0x08000d8e        0x2 Src/stm32f3xx_it.o
                0x08000d8e                PendSV_Handler
 .text.SysTick_Handler
                0x08000d90        0xe Src/stm32f3xx_it.o
                0x08000d90                SysTick_Handler
 *fill*         0x08000d9e        0x2 
 .text.DMA1_Channel1_IRQHandler
                0x08000da0        0xc Src/stm32f3xx_it.o
                0x08000da0                DMA1_Channel1_IRQHandler
 .text.ADC1_IRQHandler
                0x08000dac        0xc Src/stm32f3xx_it.o
                0x08000dac                ADC1_IRQHandler
 .text.TIM1_BRK_TIM15_IRQHandler
                0x08000db8       0x1c Src/stm32f3xx_it.o
                0x08000db8                TIM1_BRK_TIM15_IRQHandler
 .text.TIM2_IRQHandler
                0x08000dd4        0xc Src/stm32f3xx_it.o
                0x08000dd4                TIM2_IRQHandler
 .text.USART2_IRQHandler
                0x08000de0        0xc Src/stm32f3xx_it.o
                0x08000de0                USART2_IRQHandler
 .text.EXTI15_10_IRQHandler
                0x08000dec        0x8 Src/stm32f3xx_it.o
                0x08000dec                EXTI15_10_IRQHandler
 .text.MX_TIM2_Init
                0x08000df4       0x5c Src/tim.o
                0x08000df4                MX_TIM2_Init
 .text.MX_TIM15_Init
                0x08000e50       0x60 Src/tim.o
                0x08000e50                MX_TIM15_Init
 .text.HAL_TIM_Base_MspInit
                0x08000eb0       0xc8 Src/tim.o
                0x08000eb0                HAL_TIM_Base_MspInit
 .text.HAL_TIM_MspPostInit
                0x08000f78       0x58 Src/tim.o
                0x08000f78                HAL_TIM_MspPostInit
 .text.MX_TIM1_Init
                0x08000fd0      0x108 Src/tim.o
                0x08000fd0                MX_TIM1_Init
 .text.MX_TIM16_Init
                0x080010d8       0x88 Src/tim.o
                0x080010d8                MX_TIM16_Init
 .text.MX_USART2_UART_Init
                0x08001160       0x48 Src/usart.o
                0x08001160                MX_USART2_UART_Init
 .text.HAL_UART_MspInit
                0x080011a8       0x58 Src/usart.o
                0x080011a8                HAL_UART_MspInit
 .text.HAL_InitTick
                0x08001200       0x28 Drivers/STM32F3xx_HAL_Driver/Src/stm32f3xx_hal.o
                0x08001200                HAL_InitTick
 .text.HAL_Init
                0x08001228       0x24 Drivers/STM32F3xx_HAL_Driver/Src/stm32f3xx_hal.o
                0x08001228                HAL_Init
 .text.HAL_IncTick
                0x0800124c       0x10 Drivers/STM32F3xx_HAL_Driver/Src/stm32f3xx_hal.o
                0x0800124c                HAL_IncTick
 .text.HAL_GetTick
                0x0800125c        0xc Drivers/STM32F3xx_HAL_Driver/Src/stm32f3xx_hal.o
                0x0800125c                HAL_GetTick
 .text.HAL_ADC_ConvHalfCpltCallback
                0x08001268        0x2 Drivers/STM32F3xx_HAL_Driver/Src/stm32f3xx_hal_adc.o
                0x08001268                HAL_ADC_ConvHalfCpltCallback
 .text.HAL_ADC_LevelOutOfWindowCallback
                0x0800126a        0x2 Drivers/STM32F3xx_HAL_Driver/Src/stm32f3xx_hal_adc.o
                0x0800126a                HAL_ADC_LevelOutOfWindowCallback
 .text.HAL_ADC_ErrorCallback
                0x0800126c        0x2 Drivers/STM32F3xx_HAL_Driver/Src/stm32f3xx_hal_adc.o
                0x0800126c                HAL_ADC_ErrorCallback
 .text.ADC_Disable
                0x0800126e       0x70 Drivers/STM32F3xx_HAL_Driver/Src/stm32f3xx_hal_adc_ex.o
 *fill*         0x080012de        0x2 
 .text.ADC_Enable
                0x080012e0       0x5c Drivers/STM32F3xx_HAL_Driver/Src/stm32f3xx_hal_adc_ex.o
 .text.ADC_DMAError
                0x0800133c       0x16 Drivers/STM32F3xx_HAL_Driver/Src/stm32f3xx_hal_adc_ex.o
 .text.ADC_DMAHalfConvCplt
                0x08001352        0x6 Drivers/STM32F3xx_HAL_Driver/Src/stm32f3xx_hal_adc_ex.o
 .text.ADC_DMAConvCplt
                0x08001358       0x42 Drivers/STM32F3xx_HAL_Driver/Src/stm32f3xx_hal_adc_ex.o
 *fill*         0x0800139a        0x2 
 .text.HAL_ADC_Init
                0x0800139c      0x1b0 Drivers/STM32F3xx_HAL_Driver/Src/stm32f3xx_hal_adc_ex.o
                0x0800139c                HAL_ADC_Init
 .text.HAL_ADC_Start_DMA
                0x0800154c       0xc4 Drivers/STM32F3xx_HAL_Driver/Src/stm32f3xx_hal_adc_ex.o
                0x0800154c                HAL_ADC_Start_DMA
 .text.HAL_ADCEx_InjectedConvCpltCallback
                0x08001610        0x2 Drivers/STM32F3xx_HAL_Driver/Src/stm32f3xx_hal_adc_ex.o
                0x08001610                HAL_ADCEx_InjectedConvCpltCallback
 .text.HAL_ADCEx_InjectedQueueOverflowCallback
                0x08001612        0x2 Drivers/STM32F3xx_HAL_Driver/Src/stm32f3xx_hal_adc_ex.o
                0x08001612                HAL_ADCEx_InjectedQueueOverflowCallback
 .text.HAL_ADCEx_LevelOutOfWindow2Callback
                0x08001614        0x2 Drivers/STM32F3xx_HAL_Driver/Src/stm32f3xx_hal_adc_ex.o
                0x08001614                HAL_ADCEx_LevelOutOfWindow2Callback
 .text.HAL_ADCEx_LevelOutOfWindow3Callback
                0x08001616        0x2 Drivers/STM32F3xx_HAL_Driver/Src/stm32f3xx_hal_adc_ex.o
                0x08001616                HAL_ADCEx_LevelOutOfWindow3Callback
 .text.HAL_ADC_IRQHandler
                0x08001618      0x1f4 Drivers/STM32F3xx_HAL_Driver/Src/stm32f3xx_hal_adc_ex.o
                0x08001618                HAL_ADC_IRQHandler
 .text.HAL_ADC_ConfigChannel
                0x0800180c      0x2b8 Drivers/STM32F3xx_HAL_Driver/Src/stm32f3xx_hal_adc_ex.o
                0x0800180c                HAL_ADC_ConfigChannel
 .text.HAL_NVIC_SetPriorityGrouping
                0x08001ac4       0x24 Drivers/STM32F3xx_HAL_Driver/Src/stm32f3xx_hal_cortex.o
                0x08001ac4                HAL_NVIC_SetPriorityGrouping
 .text.HAL_NVIC_SetPriority
                0x08001ae8       0x68 Drivers/STM32F3xx_HAL_Driver/Src/stm32f3xx_hal_cortex.o
                0x08001ae8                HAL_NVIC_SetPriority
 .text.HAL_NVIC_EnableIRQ
                0x08001b50       0x18 Drivers/STM32F3xx_HAL_Driver/Src/stm32f3xx_hal_cortex.o
                0x08001b50                HAL_NVIC_EnableIRQ
 .text.HAL_SYSTICK_Config
                0x08001b68       0x2c Drivers/STM32F3xx_HAL_Driver/Src/stm32f3xx_hal_cortex.o
                0x08001b68                HAL_SYSTICK_Config
 .text.HAL_SYSTICK_CLKSourceConfig
                0x08001b94       0x18 Drivers/STM32F3xx_HAL_Driver/Src/stm32f3xx_hal_cortex.o
                0x08001b94                HAL_SYSTICK_CLKSourceConfig
 .text.HAL_SYSTICK_IRQHandler
                0x08001bac        0x8 Drivers/STM32F3xx_HAL_Driver/Src/stm32f3xx_hal_cortex.o
                0x08001bac                HAL_SYSTICK_IRQHandler
 .text.HAL_DMA_Init
                0x08001bb4       0x4a Drivers/STM32F3xx_HAL_Driver/Src/stm32f3xx_hal_dma.o
                0x08001bb4                HAL_DMA_Init
 .text.HAL_DMA_Start_IT
                0x08001bfe       0x5a Drivers/STM32F3xx_HAL_Driver/Src/stm32f3xx_hal_dma.o
                0x08001bfe                HAL_DMA_Start_IT
 .text.HAL_DMA_IRQHandler
                0x08001c58      0x254 Drivers/STM32F3xx_HAL_Driver/Src/stm32f3xx_hal_dma.o
                0x08001c58                HAL_DMA_IRQHandler
 .text.HAL_GPIO_Init
                0x08001eac      0x180 Drivers/STM32F3xx_HAL_Driver/Src/stm32f3xx_hal_gpio.o
                0x08001eac                HAL_GPIO_Init
 .text.HAL_GPIO_WritePin
                0x0800202c        0xa Drivers/STM32F3xx_HAL_Driver/Src/stm32f3xx_hal_gpio.o
                0x0800202c                HAL_GPIO_WritePin
 .text.HAL_GPIO_TogglePin
                0x08002036        0x8 Drivers/STM32F3xx_HAL_Driver/Src/stm32f3xx_hal_gpio.o
                0x08002036                HAL_GPIO_TogglePin
 *fill*         0x0800203e        0x2 
 .text.HAL_GPIO_EXTI_IRQHandler
                0x08002040       0x18 Drivers/STM32F3xx_HAL_Driver/Src/stm32f3xx_hal_gpio.o
                0x08002040                HAL_GPIO_EXTI_IRQHandler
 .text.HAL_RCC_OscConfig
                0x08002058      0x4cc Drivers/STM32F3xx_HAL_Driver/Src/stm32f3xx_hal_rcc.o
                0x08002058                HAL_RCC_OscConfig
 .text.HAL_RCC_GetSysClockFreq
                0x08002524       0x64 Drivers/STM32F3xx_HAL_Driver/Src/stm32f3xx_hal_rcc.o
                0x08002524                HAL_RCC_GetSysClockFreq
 .text.HAL_RCC_ClockConfig
                0x08002588      0x164 Drivers/STM32F3xx_HAL_Driver/Src/stm32f3xx_hal_rcc.o
                0x08002588                HAL_RCC_ClockConfig
 .text.HAL_RCC_GetHCLKFreq
                0x080026ec        0xc Drivers/STM32F3xx_HAL_Driver/Src/stm32f3xx_hal_rcc.o
                0x080026ec                HAL_RCC_GetHCLKFreq
 .text.HAL_RCC_GetPCLK1Freq
                0x080026f8       0x30 Drivers/STM32F3xx_HAL_Driver/Src/stm32f3xx_hal_rcc.o
                0x080026f8                HAL_RCC_GetPCLK1Freq
 .text.HAL_RCC_GetPCLK2Freq
                0x08002728       0x30 Drivers/STM32F3xx_HAL_Driver/Src/stm32f3xx_hal_rcc.o
                0x08002728                HAL_RCC_GetPCLK2Freq
 .text.HAL_RCCEx_PeriphCLKConfig
                0x08002758      0x1e0 Drivers/STM32F3xx_HAL_Driver/Src/stm32f3xx_hal_rcc_ex.o
                0x08002758                HAL_RCCEx_PeriphCLKConfig
 .text.HAL_TIM_Base_Start_IT
                0x08002938       0x16 Drivers/STM32F3xx_HAL_Driver/Src/stm32f3xx_hal_tim.o
                0x08002938                HAL_TIM_Base_Start_IT
 .text.HAL_TIM_Base_Stop_IT
                0x0800294e       0x2a Drivers/STM32F3xx_HAL_Driver/Src/stm32f3xx_hal_tim.o
                0x0800294e                HAL_TIM_Base_Stop_IT
 .text.HAL_TIM_OC_MspInit
                0x08002978        0x2 Drivers/STM32F3xx_HAL_Driver/Src/stm32f3xx_hal_tim.o
                0x08002978                HAL_TIM_OC_MspInit
 .text.HAL_TIM_PWM_MspInit
                0x0800297a        0x2 Drivers/STM32F3xx_HAL_Driver/Src/stm32f3xx_hal_tim.o
                0x0800297a                HAL_TIM_PWM_MspInit
 .text.HAL_TIM_OC_DelayElapsedCallback
                0x0800297c        0x2 Drivers/STM32F3xx_HAL_Driver/Src/stm32f3xx_hal_tim.o
                0x0800297c                HAL_TIM_OC_DelayElapsedCallback
 .text.HAL_TIM_IC_CaptureCallback
                0x0800297e        0x2 Drivers/STM32F3xx_HAL_Driver/Src/stm32f3xx_hal_tim.o
                0x0800297e                HAL_TIM_IC_CaptureCallback
 .text.HAL_TIM_PWM_PulseFinishedCallback
                0x08002980        0x2 Drivers/STM32F3xx_HAL_Driver/Src/stm32f3xx_hal_tim.o
                0x08002980                HAL_TIM_PWM_PulseFinishedCallback
 .text.HAL_TIM_TriggerCallback
                0x08002982        0x2 Drivers/STM32F3xx_HAL_Driver/Src/stm32f3xx_hal_tim.o
                0x08002982                HAL_TIM_TriggerCallback
 .text.HAL_TIM_IRQHandler
                0x08002984      0x144 Drivers/STM32F3xx_HAL_Driver/Src/stm32f3xx_hal_tim.o
                0x08002984                HAL_TIM_IRQHandler
 .text.TIM_Base_SetConfig
                0x08002ac8       0x7c Drivers/STM32F3xx_HAL_Driver/Src/stm32f3xx_hal_tim.o
                0x08002ac8                TIM_Base_SetConfig
 .text.HAL_TIM_Base_Init
                0x08002b44       0x34 Drivers/STM32F3xx_HAL_Driver/Src/stm32f3xx_hal_tim.o
                0x08002b44                HAL_TIM_Base_Init
 .text.HAL_TIM_OC_Init
                0x08002b78       0x34 Drivers/STM32F3xx_HAL_Driver/Src/stm32f3xx_hal_tim.o
                0x08002b78                HAL_TIM_OC_Init
 .text.HAL_TIM_PWM_Init
                0x08002bac       0x34 Drivers/STM32F3xx_HAL_Driver/Src/stm32f3xx_hal_tim.o
                0x08002bac                HAL_TIM_PWM_Init
 .text.TIM_OC1_SetConfig
                0x08002be0       0x88 Drivers/STM32F3xx_HAL_Driver/Src/stm32f3xx_hal_tim.o
                0x08002be0                TIM_OC1_SetConfig
 .text.TIM_OC2_SetConfig
                0x08002c68       0x7c Drivers/STM32F3xx_HAL_Driver/Src/stm32f3xx_hal_tim.o
                0x08002c68                TIM_OC2_SetConfig
 .text.TIM_OC3_SetConfig
                0x08002ce4       0x7c Drivers/STM32F3xx_HAL_Driver/Src/stm32f3xx_hal_tim.o
                0x08002ce4                TIM_OC3_SetConfig
 .text.TIM_OC4_SetConfig
                0x08002d60       0x60 Drivers/STM32F3xx_HAL_Driver/Src/stm32f3xx_hal_tim.o
                0x08002d60                TIM_OC4_SetConfig
 .text.TIM_ETR_SetConfig
                0x08002dc0       0x14 Drivers/STM32F3xx_HAL_Driver/Src/stm32f3xx_hal_tim.o
                0x08002dc0                TIM_ETR_SetConfig
 .text.HAL_TIM_ConfigClockSource
                0x08002dd4      0x170 Drivers/STM32F3xx_HAL_Driver/Src/stm32f3xx_hal_tim.o
                0x08002dd4                HAL_TIM_ConfigClockSource
 .text.TIM_CCxChannelCmd
                0x08002f44       0x1a Drivers/STM32F3xx_HAL_Driver/Src/stm32f3xx_hal_tim.o
                0x08002f44                TIM_CCxChannelCmd
 *fill*         0x08002f5e        0x2 
 .text.HAL_TIM_PWM_Start
                0x08002f60       0x44 Drivers/STM32F3xx_HAL_Driver/Src/stm32f3xx_hal_tim.o
                0x08002f60                HAL_TIM_PWM_Start
 .text.HAL_TIM_PWM_Stop
                0x08002fa4       0x74 Drivers/STM32F3xx_HAL_Driver/Src/stm32f3xx_hal_tim.o
                0x08002fa4                HAL_TIM_PWM_Stop
 .text.TIM_OC5_SetConfig
                0x08003018       0x60 Drivers/STM32F3xx_HAL_Driver/Src/stm32f3xx_hal_tim_ex.o
 .text.TIM_OC6_SetConfig
                0x08003078       0x60 Drivers/STM32F3xx_HAL_Driver/Src/stm32f3xx_hal_tim_ex.o
 .text.HAL_TIM_OC_ConfigChannel
                0x080030d8       0x6e Drivers/STM32F3xx_HAL_Driver/Src/stm32f3xx_hal_tim_ex.o
                0x080030d8                HAL_TIM_OC_ConfigChannel
 .text.HAL_TIM_PWM_ConfigChannel
                0x08003146      0x10c Drivers/STM32F3xx_HAL_Driver/Src/stm32f3xx_hal_tim_ex.o
                0x08003146                HAL_TIM_PWM_ConfigChannel
 *fill*         0x08003252        0x2 
 .text.HAL_TIMEx_MasterConfigSynchronization
                0x08003254       0x44 Drivers/STM32F3xx_HAL_Driver/Src/stm32f3xx_hal_tim_ex.o
                0x08003254                HAL_TIMEx_MasterConfigSynchronization
 .text.HAL_TIMEx_ConfigBreakDeadTime
                0x08003298       0x78 Drivers/STM32F3xx_HAL_Driver/Src/stm32f3xx_hal_tim_ex.o
                0x08003298                HAL_TIMEx_ConfigBreakDeadTime
 .text.HAL_TIMEx_CommutationCallback
                0x08003310        0x2 Drivers/STM32F3xx_HAL_Driver/Src/stm32f3xx_hal_tim_ex.o
                0x08003310                HAL_TIMEx_CommutationCallback
 .text.HAL_TIMEx_BreakCallback
                0x08003312        0x2 Drivers/STM32F3xx_HAL_Driver/Src/stm32f3xx_hal_tim_ex.o
                0x08003312                HAL_TIMEx_BreakCallback
 .text.HAL_UART_Transmit_IT
                0x08003314       0x42 Drivers/STM32F3xx_HAL_Driver/Src/stm32f3xx_hal_uart.o
                0x08003314                HAL_UART_Transmit_IT
 .text.HAL_UART_Receive_IT
                0x08003356       0x8e Drivers/STM32F3xx_HAL_Driver/Src/stm32f3xx_hal_uart.o
                0x08003356                HAL_UART_Receive_IT
 .text.HAL_UART_TxCpltCallback
                0x080033e4        0x2 Drivers/STM32F3xx_HAL_Driver/Src/stm32f3xx_hal_uart.o
                0x080033e4                HAL_UART_TxCpltCallback
 .text.HAL_UART_ErrorCallback
                0x080033e6        0x2 Drivers/STM32F3xx_HAL_Driver/Src/stm32f3xx_hal_uart.o
                0x080033e6                HAL_UART_ErrorCallback
 .text.UART_SetConfig
                0x080033e8      0x158 Drivers/STM32F3xx_HAL_Driver/Src/stm32f3xx_hal_uart.o
                0x080033e8                UART_SetConfig
 .text.UART_AdvFeatureConfig
                0x08003540       0xa8 Drivers/STM32F3xx_HAL_Driver/Src/stm32f3xx_hal_uart.o
                0x08003540                UART_AdvFeatureConfig
 .text.UART_WaitOnFlagUntilTimeout
                0x080035e8       0x8e Drivers/STM32F3xx_HAL_Driver/Src/stm32f3xx_hal_uart.o
                0x080035e8                UART_WaitOnFlagUntilTimeout
 .text.UART_CheckIdleState
                0x08003676       0x54 Drivers/STM32F3xx_HAL_Driver/Src/stm32f3xx_hal_uart.o
                0x08003676                UART_CheckIdleState
 .text.HAL_UART_Init
                0x080036ca       0x64 Drivers/STM32F3xx_HAL_Driver/Src/stm32f3xx_hal_uart.o
                0x080036ca                HAL_UART_Init
 .text.UART_Transmit_IT
                0x0800372e       0x56 Drivers/STM32F3xx_HAL_Driver/Src/stm32f3xx_hal_uart.o
                0x0800372e                UART_Transmit_IT
 .text.UART_EndTransmit_IT
                0x08003784       0x1a Drivers/STM32F3xx_HAL_Driver/Src/stm32f3xx_hal_uart.o
                0x08003784                UART_EndTransmit_IT
 .text.UART_Receive_IT
                0x0800379e       0x7c Drivers/STM32F3xx_HAL_Driver/Src/stm32f3xx_hal_uart.o
                0x0800379e                UART_Receive_IT
 .text.HAL_UART_IRQHandler
                0x0800381a       0xda Drivers/STM32F3xx_HAL_Driver/Src/stm32f3xx_hal_uart.o
                0x0800381a                HAL_UART_IRQHandler
 .text.HAL_UARTEx_WakeupCallback
                0x080038f4        0x2 Drivers/STM32F3xx_HAL_Driver/Src/stm32f3xx_hal_uart_ex.o
                0x080038f4                HAL_UARTEx_WakeupCallback
 *fill*         0x080038f6        0x2 
 .text.SystemInit
                0x080038f8       0x68 Drivers/CMSIS/Device/ST/STM32F3xx/Source/Templates/system_stm32f3xx.o
                0x080038f8                SystemInit
 .text.Reset_Handler
                0x08003960       0x50 Drivers/CMSIS/Device/ST/STM32F3xx/Source/Templates/gcc/startup_stm32f302x8.o
                0x08003960                Reset_Handler
 .text.Default_Handler
                0x080039b0        0x2 Drivers/CMSIS/Device/ST/STM32F3xx/Source/Templates/gcc/startup_stm32f302x8.o
                0x080039b0                RTC_Alarm_IRQHandler
                0x080039b0                DebugMon_Handler
                0x080039b0                TIM1_CC_IRQHandler
                0x080039b0                HardFault_Handler
                0x080039b0                USB_HP_IRQHandler
                0x080039b0                PVD_IRQHandler
                0x080039b0                TAMP_STAMP_IRQHandler
                0x080039b0                NMI_Handler
                0x080039b0                EXTI3_IRQHandler
                0x080039b0                I2C3_ER_IRQHandler
                0x080039b0                USB_HP_CAN_TX_IRQHandler
                0x080039b0                EXTI0_IRQHandler
                0x080039b0                I2C2_EV_IRQHandler
                0x080039b0                FPU_IRQHandler
                0x080039b0                TIM1_UP_TIM16_IRQHandler
                0x080039b0                UsageFault_Handler
                0x080039b0                CAN_SCE_IRQHandler
                0x080039b0                TIM6_DAC_IRQHandler
                0x080039b0                DMA1_Channel4_IRQHandler
                0x080039b0                USART3_IRQHandler
                0x080039b0                DMA1_Channel7_IRQHandler
                0x080039b0                CAN_RX1_IRQHandler
                0x080039b0                I2C1_EV_IRQHandler
                0x080039b0                DMA1_Channel6_IRQHandler
                0x080039b0                RCC_IRQHandler
                0x080039b0                Default_Handler
                0x080039b0                USBWakeUp_RMP_IRQHandler
                0x080039b0                COMP2_IRQHandler
                0x080039b0                I2C3_EV_IRQHandler
                0x080039b0                EXTI9_5_IRQHandler
                0x080039b0                RTC_WKUP_IRQHandler
                0x080039b0                SPI2_IRQHandler
                0x080039b0                USB_LP_CAN_RX0_IRQHandler
                0x080039b0                MemManage_Handler
                0x080039b0                DMA1_Channel5_IRQHandler
                0x080039b0                USB_LP_IRQHandler
                0x080039b0                EXTI4_IRQHandler
                0x080039b0                TIM1_TRG_COM_TIM17_IRQHandler
                0x080039b0                DMA1_Channel3_IRQHandler
                0x080039b0                WWDG_IRQHandler
                0x080039b0                EXTI1_IRQHandler
                0x080039b0                COMP4_6_IRQHandler
                0x080039b0                I2C2_ER_IRQHandler
                0x080039b0                DMA1_Channel2_IRQHandler
                0x080039b0                FLASH_IRQHandler
                0x080039b0                BusFault_Handler
                0x080039b0                USART1_IRQHandler
                0x080039b0                SPI3_IRQHandler
                0x080039b0                I2C1_ER_IRQHandler
                0x080039b0                USBWakeUp_IRQHandler
                0x080039b0                EXTI2_TSC_IRQHandler
 *fill*         0x080039b2        0x2 
 .text.__libc_init_array
                0x080039b4       0x4c /opt/eclipse/plugins/fr.ac6.mcu.externaltools.arm-none.linux64_1.11.0.201610101240/tools/gcc-arm-none-eabi-5_4-2016q2/bin/../lib/gcc/arm-none-eabi/5.4.1/../../../../arm-none-eabi/lib/armv7e-m/fpu/libc_nano.a(lib_a-init.o)
                0x080039b4                __libc_init_array
 *(.glue_7)
 .glue_7        0x08003a00        0x0 linker stubs
 *(.glue_7t)
 .glue_7t       0x08003a00        0x0 linker stubs
 *(.eh_frame)
 .eh_frame      0x08003a00        0x0 /opt/eclipse/plugins/fr.ac6.mcu.externaltools.arm-none.linux64_1.11.0.201610101240/tools/gcc-arm-none-eabi-5_4-2016q2/bin/../lib/gcc/arm-none-eabi/5.4.1/armv7e-m/fpu/crtbegin.o
 *(.init)
 .init          0x08003a00        0x4 /opt/eclipse/plugins/fr.ac6.mcu.externaltools.arm-none.linux64_1.11.0.201610101240/tools/gcc-arm-none-eabi-5_4-2016q2/bin/../lib/gcc/arm-none-eabi/5.4.1/armv7e-m/fpu/crti.o
                0x08003a00                _init
 .init          0x08003a04        0x8 /opt/eclipse/plugins/fr.ac6.mcu.externaltools.arm-none.linux64_1.11.0.201610101240/tools/gcc-arm-none-eabi-5_4-2016q2/bin/../lib/gcc/arm-none-eabi/5.4.1/armv7e-m/fpu/crtn.o
 *(.fini)
 .fini          0x08003a0c        0x4 /opt/eclipse/plugins/fr.ac6.mcu.externaltools.arm-none.linux64_1.11.0.201610101240/tools/gcc-arm-none-eabi-5_4-2016q2/bin/../lib/gcc/arm-none-eabi/5.4.1/armv7e-m/fpu/crti.o
                0x08003a0c                _fini
 .fini          0x08003a10        0x8 /opt/eclipse/plugins/fr.ac6.mcu.externaltools.arm-none.linux64_1.11.0.201610101240/tools/gcc-arm-none-eabi-5_4-2016q2/bin/../lib/gcc/arm-none-eabi/5.4.1/armv7e-m/fpu/crtn.o
                0x08003a18                . = ALIGN (0x4)
                0x08003a18                _etext = .

.vfp11_veneer   0x08003a18        0x0
 .vfp11_veneer  0x08003a18        0x0 linker stubs

.v4_bx          0x08003a18        0x0
 .v4_bx         0x08003a18        0x0 linker stubs

.iplt           0x08003a18        0x0
 .iplt          0x08003a18        0x0 /opt/eclipse/plugins/fr.ac6.mcu.externaltools.arm-none.linux64_1.11.0.201610101240/tools/gcc-arm-none-eabi-5_4-2016q2/bin/../lib/gcc/arm-none-eabi/5.4.1/armv7e-m/fpu/crtbegin.o

.rodata         0x08003a18       0x3c
                0x08003a18                . = ALIGN (0x4)
 *(.rodata)
 .rodata        0x08003a18       0x20 Drivers/STM32F3xx_HAL_Driver/Src/stm32f3xx_hal_rcc.o
                0x08003a18                aPLLMULFactorTable
                0x08003a28                aPredivFactorTable
 .rodata        0x08003a38        0x4 Drivers/STM32F3xx_HAL_Driver/Src/stm32f3xx_hal_uart.o
 .rodata        0x08003a3c       0x18 Drivers/CMSIS/Device/ST/STM32F3xx/Source/Templates/system_stm32f3xx.o
                0x08003a3c                AHBPrescTable
                0x08003a4c                APBPrescTable
 *(.rodata*)
                0x08003a54                . = ALIGN (0x4)

.rel.dyn        0x08003a54        0x0
 .rel.iplt      0x08003a54        0x0 /opt/eclipse/plugins/fr.ac6.mcu.externaltools.arm-none.linux64_1.11.0.201610101240/tools/gcc-arm-none-eabi-5_4-2016q2/bin/../lib/gcc/arm-none-eabi/5.4.1/armv7e-m/fpu/crtbegin.o

.ARM.extab
 *(.ARM.extab* .gnu.linkonce.armextab.*)

.ARM            0x08003a54        0x0
                0x08003a54                __exidx_start = .
 *(.ARM.exidx*)
                0x08003a54                __exidx_end = .

.preinit_array  0x08003a54        0x0
                0x08003a54                PROVIDE (__preinit_array_start, .)
 *(.preinit_array*)
                0x08003a54                PROVIDE (__preinit_array_end, .)

.init_array     0x08003a54        0x4
                0x08003a54                PROVIDE (__init_array_start, .)
 *(SORT(.init_array.*))
 *(.init_array*)
 .init_array    0x08003a54        0x4 /opt/eclipse/plugins/fr.ac6.mcu.externaltools.arm-none.linux64_1.11.0.201610101240/tools/gcc-arm-none-eabi-5_4-2016q2/bin/../lib/gcc/arm-none-eabi/5.4.1/armv7e-m/fpu/crtbegin.o
                0x08003a58                PROVIDE (__init_array_end, .)

.fini_array     0x08003a58        0x4
                [!provide]                PROVIDE (__fini_array_start, .)
 *(SORT(.fini_array.*))
 *(.fini_array*)
 .fini_array    0x08003a58        0x4 /opt/eclipse/plugins/fr.ac6.mcu.externaltools.arm-none.linux64_1.11.0.201610101240/tools/gcc-arm-none-eabi-5_4-2016q2/bin/../lib/gcc/arm-none-eabi/5.4.1/armv7e-m/fpu/crtbegin.o
                [!provide]                PROVIDE (__fini_array_end, .)
                0x08003a5c                _sidata = LOADADDR (.data)

.data           0x20000000       0x38 load address 0x08003a5c
                0x20000000                . = ALIGN (0x4)
                0x20000000                _sdata = .
 *(.data)
 .data          0x20000000       0x31 Src/driver_bldc1.o
                0x20000000                wypelnienie
                0x20000002                DB1EN1States
                0x20000008                DB1EN2States
                0x2000000e                DB1EN3States
                0x20000014                bldcStartOLfmin
                0x20000018                bldcStartOLfmax
                0x2000001c                bldcStartOLdmin
                0x20000020                bldcStartOLdmax
                0x20000024                positioningDutyCycle
                0x20000026                positioningTime
                0x20000028                bldcStartOLtime
                0x2000002c                rampaScale
                0x2000002e                zadaneWypelnienie
                0x20000030                potentiometrCurrentControl
 *fill*         0x20000031        0x3 
 .data          0x20000034        0x4 Drivers/CMSIS/Device/ST/STM32F3xx/Source/Templates/system_stm32f3xx.o
                0x20000034                SystemCoreClock
 *(.data*)
                0x20000038                . = ALIGN (0x4)
                0x20000038                _edata = .

.jcr            0x20000038        0x0 load address 0x08003a94
 .jcr           0x20000038        0x0 /opt/eclipse/plugins/fr.ac6.mcu.externaltools.arm-none.linux64_1.11.0.201610101240/tools/gcc-arm-none-eabi-5_4-2016q2/bin/../lib/gcc/arm-none-eabi/5.4.1/armv7e-m/fpu/crtbegin.o

.igot.plt       0x20000038        0x0 load address 0x08003a94
 .igot.plt      0x20000038        0x0 /opt/eclipse/plugins/fr.ac6.mcu.externaltools.arm-none.linux64_1.11.0.201610101240/tools/gcc-arm-none-eabi-5_4-2016q2/bin/../lib/gcc/arm-none-eabi/5.4.1/armv7e-m/fpu/crtbegin.o
                0x20000038                . = ALIGN (0x4)

.bss            0x20000038      0x2b0 load address 0x08003a94
                0x20000038                _sbss = .
                0x20000038                __bss_start__ = _sbss
 *(.bss)
 .bss           0x20000038       0x1c /opt/eclipse/plugins/fr.ac6.mcu.externaltools.arm-none.linux64_1.11.0.201610101240/tools/gcc-arm-none-eabi-5_4-2016q2/bin/../lib/gcc/arm-none-eabi/5.4.1/armv7e-m/fpu/crtbegin.o
 .bss           0x20000054        0x1 Src/comm.o
                0x20000054                transmissionSettled
 *fill*         0x20000055        0x3 
 .bss           0x20000058       0x27 Src/driver_bldc1.o
                0x20000058                bldcMotorLastStp
                0x2000005a                positioningStepsCounter
                0x2000005c                zeroFlag
                0x2000005d                bldcMotorState
                0x20000060                ZERO_PERIOD
                0x20000064                zeroDetected
                0x20000066                ADCcnt
                0x20000068                actualPeriod
                0x2000006c                bldcStartOLfdiff
                0x20000070                lastRest
                0x20000074                rampaDCounterMax
                0x20000076                rampaDCounter
                0x20000078                rampaSign
                0x2000007a                temp2
                0x2000007c                usartTransmitDataRequest
                0x2000007d                cnt
                0x2000007e                cnt2
 *(.bss*)
 *(COMMON)
 *fill*         0x2000007f        0x1 
 COMMON         0x20000080       0x90 Src/adc.o
                0x20000080                hadc1
                0x200000d4                hdma_adc1
 COMMON         0x20000110       0x3c Src/comm.o
                0x20000110                ledAlarmState
                0x20000112                bldcStartOLcounter
                0x20000114                bldcStartOLstep
                0x20000118                ledAlarmBlinkState
                0x20000119                sendingBuffor
                0x20000141                commUARTRecived
                0x20000148                bldcStartOLddiff
 COMMON         0x2000014c       0x36 Src/driver_bldc1.o
                0x2000014c                Data
                0x20000174                g_ADCBuffer
 *fill*         0x20000182        0x2 
 COMMON         0x20000184       0xf0 Src/tim.o
                0x20000184                htim15
                0x200001c0                htim1
                0x200001fc                htim2
                0x20000238                htim16
 COMMON         0x20000274       0x70 Src/usart.o
                0x20000274                huart2
 COMMON         0x200002e4        0x4 Drivers/STM32F3xx_HAL_Driver/Src/stm32f3xx_hal.o
                0x200002e4                uwTick
                0x200002e8                . = ALIGN (0x4)
                0x200002e8                _ebss = .
                0x200002e8                __bss_end__ = _ebss

._user_heap_stack
                0x200002e8      0x600 load address 0x08003a94
                0x200002e8                . = ALIGN (0x8)
                [!provide]                PROVIDE (end, .)
                [!provide]                PROVIDE (_end, .)
                0x200004e8                . = (. + _Min_Heap_Size)
 *fill*         0x200002e8      0x200 
                0x200008e8                . = (. + _Min_Stack_Size)
 *fill*         0x200004e8      0x400 
                0x200008e8                . = ALIGN (0x8)

/DISCARD/
 libc.a(*)
 libm.a(*)
 libgcc.a(*)

.ARM.attributes
                0x00000000       0x30
 *(.ARM.attributes)
 .ARM.attributes
                0x00000000       0x22 /opt/eclipse/plugins/fr.ac6.mcu.externaltools.arm-none.linux64_1.11.0.201610101240/tools/gcc-arm-none-eabi-5_4-2016q2/bin/../lib/gcc/arm-none-eabi/5.4.1/armv7e-m/fpu/crti.o
 .ARM.attributes
                0x00000022       0x34 /opt/eclipse/plugins/fr.ac6.mcu.externaltools.arm-none.linux64_1.11.0.201610101240/tools/gcc-arm-none-eabi-5_4-2016q2/bin/../lib/gcc/arm-none-eabi/5.4.1/armv7e-m/fpu/crtbegin.o
 .ARM.attributes
                0x00000056       0x39 Src/adc.o
 .ARM.attributes
                0x0000008f       0x39 Src/comm.o
 .ARM.attributes
                0x000000c8       0x39 Src/dma.o
 .ARM.attributes
                0x00000101       0x39 Src/driver_bldc1.o
 .ARM.attributes
                0x0000013a       0x39 Src/gpio.o
 .ARM.attributes
                0x00000173       0x39 Src/main.o
 .ARM.attributes
                0x000001ac       0x39 Src/stm32f3xx_hal_msp.o
 .ARM.attributes
                0x000001e5       0x39 Src/stm32f3xx_it.o
 .ARM.attributes
                0x0000021e       0x39 Src/tim.o
 .ARM.attributes
                0x00000257       0x39 Src/usart.o
 .ARM.attributes
                0x00000290       0x39 Drivers/STM32F3xx_HAL_Driver/Src/stm32f3xx_hal.o
 .ARM.attributes
                0x000002c9       0x39 Drivers/STM32F3xx_HAL_Driver/Src/stm32f3xx_hal_adc.o
 .ARM.attributes
                0x00000302       0x39 Drivers/STM32F3xx_HAL_Driver/Src/stm32f3xx_hal_adc_ex.o
 .ARM.attributes
                0x0000033b       0x39 Drivers/STM32F3xx_HAL_Driver/Src/stm32f3xx_hal_cortex.o
 .ARM.attributes
                0x00000374       0x39 Drivers/STM32F3xx_HAL_Driver/Src/stm32f3xx_hal_dma.o
 .ARM.attributes
                0x000003ad       0x39 Drivers/STM32F3xx_HAL_Driver/Src/stm32f3xx_hal_gpio.o
 .ARM.attributes
                0x000003e6       0x39 Drivers/STM32F3xx_HAL_Driver/Src/stm32f3xx_hal_rcc.o
 .ARM.attributes
                0x0000041f       0x39 Drivers/STM32F3xx_HAL_Driver/Src/stm32f3xx_hal_rcc_ex.o
 .ARM.attributes
                0x00000458       0x39 Drivers/STM32F3xx_HAL_Driver/Src/stm32f3xx_hal_tim.o
 .ARM.attributes
                0x00000491       0x39 Drivers/STM32F3xx_HAL_Driver/Src/stm32f3xx_hal_tim_ex.o
 .ARM.attributes
                0x000004ca       0x39 Drivers/STM32F3xx_HAL_Driver/Src/stm32f3xx_hal_uart.o
 .ARM.attributes
                0x00000503       0x39 Drivers/STM32F3xx_HAL_Driver/Src/stm32f3xx_hal_uart_ex.o
 .ARM.attributes
                0x0000053c       0x39 Drivers/CMSIS/Device/ST/STM32F3xx/Source/Templates/system_stm32f3xx.o
 .ARM.attributes
                0x00000575       0x21 Drivers/CMSIS/Device/ST/STM32F3xx/Source/Templates/gcc/startup_stm32f302x8.o
 .ARM.attributes
                0x00000596       0x34 /opt/eclipse/plugins/fr.ac6.mcu.externaltools.arm-none.linux64_1.11.0.201610101240/tools/gcc-arm-none-eabi-5_4-2016q2/bin/../lib/gcc/arm-none-eabi/5.4.1/../../../../arm-none-eabi/lib/armv7e-m/fpu/libc_nano.a(lib_a-init.o)
 .ARM.attributes
                0x000005ca       0x22 /opt/eclipse/plugins/fr.ac6.mcu.externaltools.arm-none.linux64_1.11.0.201610101240/tools/gcc-arm-none-eabi-5_4-2016q2/bin/../lib/gcc/arm-none-eabi/5.4.1/armv7e-m/fpu/crtn.o
OUTPUT(BLDC_DRIVE.elf elf32-littlearm)

.debug_info     0x00000000    0x127fc
 .debug_info    0x00000000      0xd0a Src/adc.o
 .debug_info    0x00000d0a      0xc36 Src/comm.o
 .debug_info    0x00001940      0x366 Src/dma.o
 .debug_info    0x00001ca6     0x12df Src/driver_bldc1.o
 .debug_info    0x00002f85      0x5d4 Src/gpio.o
 .debug_info    0x00003559      0xd09 Src/main.o
 .debug_info    0x00004262      0x41b Src/stm32f3xx_hal_msp.o
 .debug_info    0x0000467d      0xd18 Src/stm32f3xx_it.o
 .debug_info    0x00005395     0x10ca Src/tim.o
 .debug_info    0x0000645f      0xa85 Src/usart.o
 .debug_info    0x00006ee4      0x691 Drivers/STM32F3xx_HAL_Driver/Src/stm32f3xx_hal.o
 .debug_info    0x00007575      0x876 Drivers/STM32F3xx_HAL_Driver/Src/stm32f3xx_hal_adc.o
 .debug_info    0x00007deb     0x163d Drivers/STM32F3xx_HAL_Driver/Src/stm32f3xx_hal_adc_ex.o
 .debug_info    0x00009428      0xc4f Drivers/STM32F3xx_HAL_Driver/Src/stm32f3xx_hal_cortex.o
 .debug_info    0x0000a077      0x69f Drivers/STM32F3xx_HAL_Driver/Src/stm32f3xx_hal_dma.o
 .debug_info    0x0000a716      0x675 Drivers/STM32F3xx_HAL_Driver/Src/stm32f3xx_hal_gpio.o
 .debug_info    0x0000ad8b     0x1327 Drivers/STM32F3xx_HAL_Driver/Src/stm32f3xx_hal_rcc.o
 .debug_info    0x0000c0b2      0x64f Drivers/STM32F3xx_HAL_Driver/Src/stm32f3xx_hal_rcc_ex.o
 .debug_info    0x0000c701     0x2d6b Drivers/STM32F3xx_HAL_Driver/Src/stm32f3xx_hal_tim.o
 .debug_info    0x0000f46c     0x1296 Drivers/STM32F3xx_HAL_Driver/Src/stm32f3xx_hal_tim_ex.o
 .debug_info    0x00010702     0x13e0 Drivers/STM32F3xx_HAL_Driver/Src/stm32f3xx_hal_uart.o
 .debug_info    0x00011ae2      0x87e Drivers/STM32F3xx_HAL_Driver/Src/stm32f3xx_hal_uart_ex.o
 .debug_info    0x00012360      0x404 Drivers/CMSIS/Device/ST/STM32F3xx/Source/Templates/system_stm32f3xx.o
 .debug_info    0x00012764       0x98 Drivers/CMSIS/Device/ST/STM32F3xx/Source/Templates/gcc/startup_stm32f302x8.o

.debug_abbrev   0x00000000     0x304d
 .debug_abbrev  0x00000000      0x1c8 Src/adc.o
 .debug_abbrev  0x000001c8      0x2e0 Src/comm.o
 .debug_abbrev  0x000004a8      0x112 Src/dma.o
 .debug_abbrev  0x000005ba      0x2b4 Src/driver_bldc1.o
 .debug_abbrev  0x0000086e      0x15a Src/gpio.o
 .debug_abbrev  0x000009c8      0x221 Src/main.o
 .debug_abbrev  0x00000be9      0x112 Src/stm32f3xx_hal_msp.o
 .debug_abbrev  0x00000cfb      0x1be Src/stm32f3xx_it.o
 .debug_abbrev  0x00000eb9      0x284 Src/tim.o
 .debug_abbrev  0x0000113d      0x1cb Src/usart.o
 .debug_abbrev  0x00001308      0x1d3 Drivers/STM32F3xx_HAL_Driver/Src/stm32f3xx_hal.o
 .debug_abbrev  0x000014db      0x1a1 Drivers/STM32F3xx_HAL_Driver/Src/stm32f3xx_hal_adc.o
 .debug_abbrev  0x0000167c      0x2dc Drivers/STM32F3xx_HAL_Driver/Src/stm32f3xx_hal_adc_ex.o
 .debug_abbrev  0x00001958      0x2f1 Drivers/STM32F3xx_HAL_Driver/Src/stm32f3xx_hal_cortex.o
 .debug_abbrev  0x00001c49      0x211 Drivers/STM32F3xx_HAL_Driver/Src/stm32f3xx_hal_dma.o
 .debug_abbrev  0x00001e5a      0x1cb Drivers/STM32F3xx_HAL_Driver/Src/stm32f3xx_hal_gpio.o
 .debug_abbrev  0x00002025      0x2cd Drivers/STM32F3xx_HAL_Driver/Src/stm32f3xx_hal_rcc.o
 .debug_abbrev  0x000022f2      0x261 Drivers/STM32F3xx_HAL_Driver/Src/stm32f3xx_hal_rcc_ex.o
 .debug_abbrev  0x00002553      0x313 Drivers/STM32F3xx_HAL_Driver/Src/stm32f3xx_hal_tim.o
 .debug_abbrev  0x00002866      0x273 Drivers/STM32F3xx_HAL_Driver/Src/stm32f3xx_hal_tim_ex.o
 .debug_abbrev  0x00002ad9      0x288 Drivers/STM32F3xx_HAL_Driver/Src/stm32f3xx_hal_uart.o
 .debug_abbrev  0x00002d61      0x1d6 Drivers/STM32F3xx_HAL_Driver/Src/stm32f3xx_hal_uart_ex.o
 .debug_abbrev  0x00002f37      0x104 Drivers/CMSIS/Device/ST/STM32F3xx/Source/Templates/system_stm32f3xx.o
 .debug_abbrev  0x0000303b       0x12 Drivers/CMSIS/Device/ST/STM32F3xx/Source/Templates/gcc/startup_stm32f302x8.o

.debug_loc      0x00000000     0x8660
 .debug_loc     0x00000000       0x63 Src/adc.o
 .debug_loc     0x00000063      0x2e1 Src/comm.o
 .debug_loc     0x00000344      0x29c Src/driver_bldc1.o
 .debug_loc     0x000005e0       0x21 Src/main.o
 .debug_loc     0x00000601      0x10c Src/tim.o
 .debug_loc     0x0000070d       0x4d Src/usart.o
 .debug_loc     0x0000075a       0x4b Drivers/STM32F3xx_HAL_Driver/Src/stm32f3xx_hal.o
 .debug_loc     0x000007a5      0x108 Drivers/STM32F3xx_HAL_Driver/Src/stm32f3xx_hal_adc.o
 .debug_loc     0x000008ad     0x1512 Drivers/STM32F3xx_HAL_Driver/Src/stm32f3xx_hal_adc_ex.o
 .debug_loc     0x00001dbf      0x4ab Drivers/STM32F3xx_HAL_Driver/Src/stm32f3xx_hal_cortex.o
 .debug_loc     0x0000226a      0x49b Drivers/STM32F3xx_HAL_Driver/Src/stm32f3xx_hal_dma.o
 .debug_loc     0x00002705      0x29a Drivers/STM32F3xx_HAL_Driver/Src/stm32f3xx_hal_gpio.o
 .debug_loc     0x0000299f      0x836 Drivers/STM32F3xx_HAL_Driver/Src/stm32f3xx_hal_rcc.o
 .debug_loc     0x000031d5      0x5dc Drivers/STM32F3xx_HAL_Driver/Src/stm32f3xx_hal_rcc_ex.o
 .debug_loc     0x000037b1     0x2f2c Drivers/STM32F3xx_HAL_Driver/Src/stm32f3xx_hal_tim.o
 .debug_loc     0x000066dd      0xd85 Drivers/STM32F3xx_HAL_Driver/Src/stm32f3xx_hal_tim_ex.o
 .debug_loc     0x00007462      0xebe Drivers/STM32F3xx_HAL_Driver/Src/stm32f3xx_hal_uart.o
 .debug_loc     0x00008320      0x282 Drivers/STM32F3xx_HAL_Driver/Src/stm32f3xx_hal_uart_ex.o
 .debug_loc     0x000085a2       0xbe Drivers/CMSIS/Device/ST/STM32F3xx/Source/Templates/system_stm32f3xx.o

.debug_aranges  0x00000000      0xc38
 .debug_aranges
                0x00000000       0x30 Src/adc.o
 .debug_aranges
                0x00000030       0x78 Src/comm.o
 .debug_aranges
                0x000000a8       0x20 Src/dma.o
 .debug_aranges
                0x000000c8       0x88 Src/driver_bldc1.o
 .debug_aranges
                0x00000150       0x20 Src/gpio.o
 .debug_aranges
                0x00000170       0x40 Src/main.o
 .debug_aranges
                0x000001b0       0x20 Src/stm32f3xx_hal_msp.o
 .debug_aranges
                0x000001d0       0x58 Src/stm32f3xx_it.o
 .debug_aranges
                0x00000228       0x50 Src/tim.o
 .debug_aranges
                0x00000278       0x30 Src/usart.o
 .debug_aranges
                0x000002a8       0xa8 Drivers/STM32F3xx_HAL_Driver/Src/stm32f3xx_hal.o
 .debug_aranges
                0x00000350       0x60 Drivers/STM32F3xx_HAL_Driver/Src/stm32f3xx_hal_adc.o
 .debug_aranges
                0x000003b0      0x128 Drivers/STM32F3xx_HAL_Driver/Src/stm32f3xx_hal_adc_ex.o
 .debug_aranges
                0x000004d8       0x90 Drivers/STM32F3xx_HAL_Driver/Src/stm32f3xx_hal_cortex.o
 .debug_aranges
                0x00000568       0x68 Drivers/STM32F3xx_HAL_Driver/Src/stm32f3xx_hal_dma.o
 .debug_aranges
                0x000005d0       0x58 Drivers/STM32F3xx_HAL_Driver/Src/stm32f3xx_hal_gpio.o
 .debug_aranges
                0x00000628       0x88 Drivers/STM32F3xx_HAL_Driver/Src/stm32f3xx_hal_rcc.o
 .debug_aranges
                0x000006b0       0x38 Drivers/STM32F3xx_HAL_Driver/Src/stm32f3xx_hal_rcc_ex.o
 .debug_aranges
                0x000006e8      0x258 Drivers/STM32F3xx_HAL_Driver/Src/stm32f3xx_hal_tim.o
 .debug_aranges
                0x00000940      0x120 Drivers/STM32F3xx_HAL_Driver/Src/stm32f3xx_hal_tim_ex.o
 .debug_aranges
                0x00000a60      0x140 Drivers/STM32F3xx_HAL_Driver/Src/stm32f3xx_hal_uart.o
 .debug_aranges
                0x00000ba0       0x48 Drivers/STM32F3xx_HAL_Driver/Src/stm32f3xx_hal_uart_ex.o
 .debug_aranges
                0x00000be8       0x28 Drivers/CMSIS/Device/ST/STM32F3xx/Source/Templates/system_stm32f3xx.o
 .debug_aranges
                0x00000c10       0x28 Drivers/CMSIS/Device/ST/STM32F3xx/Source/Templates/gcc/startup_stm32f302x8.o

.debug_ranges   0x00000000      0xec0
 .debug_ranges  0x00000000       0x50 Src/adc.o
 .debug_ranges  0x00000050       0x68 Src/comm.o
 .debug_ranges  0x000000b8       0x38 Src/dma.o
 .debug_ranges  0x000000f0       0x78 Src/driver_bldc1.o
 .debug_ranges  0x00000168       0x38 Src/gpio.o
 .debug_ranges  0x000001a0       0x30 Src/main.o
 .debug_ranges  0x000001d0       0x30 Src/stm32f3xx_hal_msp.o
 .debug_ranges  0x00000200       0x48 Src/stm32f3xx_it.o
 .debug_ranges  0x00000248       0x60 Src/tim.o
 .debug_ranges  0x000002a8       0x40 Src/usart.o
 .debug_ranges  0x000002e8       0x98 Drivers/STM32F3xx_HAL_Driver/Src/stm32f3xx_hal.o
 .debug_ranges  0x00000380       0x50 Drivers/STM32F3xx_HAL_Driver/Src/stm32f3xx_hal_adc.o
 .debug_ranges  0x000003d0      0x118 Drivers/STM32F3xx_HAL_Driver/Src/stm32f3xx_hal_adc_ex.o
 .debug_ranges  0x000004e8      0x140 Drivers/STM32F3xx_HAL_Driver/Src/stm32f3xx_hal_cortex.o
 .debug_ranges  0x00000628       0x58 Drivers/STM32F3xx_HAL_Driver/Src/stm32f3xx_hal_dma.o
 .debug_ranges  0x00000680       0x60 Drivers/STM32F3xx_HAL_Driver/Src/stm32f3xx_hal_gpio.o
 .debug_ranges  0x000006e0      0x1d0 Drivers/STM32F3xx_HAL_Driver/Src/stm32f3xx_hal_rcc.o
 .debug_ranges  0x000008b0       0x58 Drivers/STM32F3xx_HAL_Driver/Src/stm32f3xx_hal_rcc_ex.o
 .debug_ranges  0x00000908      0x308 Drivers/STM32F3xx_HAL_Driver/Src/stm32f3xx_hal_tim.o
 .debug_ranges  0x00000c10      0x110 Drivers/STM32F3xx_HAL_Driver/Src/stm32f3xx_hal_tim_ex.o
 .debug_ranges  0x00000d20      0x130 Drivers/STM32F3xx_HAL_Driver/Src/stm32f3xx_hal_uart.o
 .debug_ranges  0x00000e50       0x38 Drivers/STM32F3xx_HAL_Driver/Src/stm32f3xx_hal_uart_ex.o
 .debug_ranges  0x00000e88       0x18 Drivers/CMSIS/Device/ST/STM32F3xx/Source/Templates/system_stm32f3xx.o
 .debug_ranges  0x00000ea0       0x20 Drivers/CMSIS/Device/ST/STM32F3xx/Source/Templates/gcc/startup_stm32f302x8.o

.debug_macro    0x00000000    0x1ee57
 .debug_macro   0x00000000      0x343 Src/adc.o
 .debug_macro   0x00000343      0x89e Src/adc.o
 .debug_macro   0x00000be1      0x142 Src/adc.o
 .debug_macro   0x00000d23       0xa4 Src/adc.o
 .debug_macro   0x00000dc7       0x31 Src/adc.o
 .debug_macro   0x00000df8       0x28 Src/adc.o
 .debug_macro   0x00000e20       0x22 Src/adc.o
 .debug_macro   0x00000e42       0x87 Src/adc.o
 .debug_macro   0x00000ec9       0x44 Src/adc.o
 .debug_macro   0x00000f0d       0xfd Src/adc.o
 .debug_macro   0x0000100a       0x5e Src/adc.o
 .debug_macro   0x00001068      0x1df Src/adc.o
 .debug_macro   0x00001247       0x35 Src/adc.o
 .debug_macro   0x0000127c       0x50 Src/adc.o
 .debug_macro   0x000012cc      0xd40 Src/adc.o
 .debug_macro   0x0000200c    0x114b5 Src/adc.o
 .debug_macro   0x000134c1       0x43 Src/adc.o
 .debug_macro   0x00013504     0x33ad Src/adc.o
 .debug_macro   0x000168b1       0x52 Src/adc.o
 .debug_macro   0x00016903       0x35 Src/adc.o
 .debug_macro   0x00016938       0x9c Src/adc.o
 .debug_macro   0x000169d4       0x16 Src/adc.o
 .debug_macro   0x000169ea       0x97 Src/adc.o
 .debug_macro   0x00016a81      0x30d Src/adc.o
 .debug_macro   0x00016d8e       0xfd Src/adc.o
 .debug_macro   0x00016e8b       0x10 Src/adc.o
 .debug_macro   0x00016e9b       0x52 Src/adc.o
 .debug_macro   0x00016eed       0x1f Src/adc.o
 .debug_macro   0x00016f0c       0x43 Src/adc.o
 .debug_macro   0x00016f4f       0x20 Src/adc.o
 .debug_macro   0x00016f6f      0x187 Src/adc.o
 .debug_macro   0x000170f6       0x10 Src/adc.o
 .debug_macro   0x00017106       0x1c Src/adc.o
 .debug_macro   0x00017122       0x52 Src/adc.o
 .debug_macro   0x00017174       0x40 Src/adc.o
 .debug_macro   0x000171b4       0x10 Src/adc.o
 .debug_macro   0x000171c4       0x40 Src/adc.o
 .debug_macro   0x00017204       0xd7 Src/adc.o
 .debug_macro   0x000172db       0x16 Src/adc.o
 .debug_macro   0x000172f1      0x189 Src/adc.o
 .debug_macro   0x0001747a       0x49 Src/adc.o
 .debug_macro   0x000174c3      0x900 Src/adc.o
 .debug_macro   0x00017dc3      0x41b Src/adc.o
 .debug_macro   0x000181de      0x13a Src/adc.o
 .debug_macro   0x00018318      0x161 Src/adc.o
 .debug_macro   0x00018479      0x1b5 Src/adc.o
 .debug_macro   0x0001862e       0x34 Src/adc.o
 .debug_macro   0x00018662       0x3c Src/adc.o
 .debug_macro   0x0001869e       0x57 Src/adc.o
 .debug_macro   0x000186f5      0x79d Src/adc.o
 .debug_macro   0x00018e92       0x77 Src/adc.o
 .debug_macro   0x00018f09       0xcb Src/adc.o
 .debug_macro   0x00018fd4      0x1a0 Src/adc.o
 .debug_macro   0x00019174      0x202 Src/adc.o
 .debug_macro   0x00019376       0x55 Src/adc.o
 .debug_macro   0x000193cb       0x90 Src/adc.o
 .debug_macro   0x0001945b       0x82 Src/adc.o
 .debug_macro   0x000194dd       0xd4 Src/adc.o
 .debug_macro   0x000195b1      0x685 Src/adc.o
 .debug_macro   0x00019c36      0x31a Src/adc.o
 .debug_macro   0x00019f50      0x55f Src/adc.o
 .debug_macro   0x0001a4af       0x31 Src/adc.o
 .debug_macro   0x0001a4e0      0x1f0 Src/adc.o
 .debug_macro   0x0001a6d0      0x37c Src/comm.o
 .debug_macro   0x0001aa4c       0x16 Src/comm.o
 .debug_macro   0x0001aa62       0x35 Src/comm.o
 .debug_macro   0x0001aa97      0x32f Src/dma.o
 .debug_macro   0x0001adc6      0x379 Src/driver_bldc1.o
 .debug_macro   0x0001b13f      0x32f Src/gpio.o
 .debug_macro   0x0001b46e      0x36f Src/main.o
 .debug_macro   0x0001b7dd      0x325 Src/stm32f3xx_hal_msp.o
 .debug_macro   0x0001bb02      0x32f Src/stm32f3xx_it.o
 .debug_macro   0x0001be31      0x339 Src/tim.o
 .debug_macro   0x0001c16a      0x339 Src/usart.o
 .debug_macro   0x0001c4a3      0x349 Drivers/STM32F3xx_HAL_Driver/Src/stm32f3xx_hal.o
 .debug_macro   0x0001c7ec      0x326 Drivers/STM32F3xx_HAL_Driver/Src/stm32f3xx_hal_adc.o
 .debug_macro   0x0001cb12      0x34f Drivers/STM32F3xx_HAL_Driver/Src/stm32f3xx_hal_adc_ex.o
 .debug_macro   0x0001ce61      0x325 Drivers/STM32F3xx_HAL_Driver/Src/stm32f3xx_hal_cortex.o
 .debug_macro   0x0001d186      0x32b Drivers/STM32F3xx_HAL_Driver/Src/stm32f3xx_hal_dma.o
 .debug_macro   0x0001d4b1      0x35d Drivers/STM32F3xx_HAL_Driver/Src/stm32f3xx_hal_gpio.o
 .debug_macro   0x0001d80e      0x349 Drivers/STM32F3xx_HAL_Driver/Src/stm32f3xx_hal_rcc.o
 .debug_macro   0x0001db57      0x325 Drivers/STM32F3xx_HAL_Driver/Src/stm32f3xx_hal_rcc_ex.o
 .debug_macro   0x0001de7c      0x326 Drivers/STM32F3xx_HAL_Driver/Src/stm32f3xx_hal_tim.o
 .debug_macro   0x0001e1a2      0x331 Drivers/STM32F3xx_HAL_Driver/Src/stm32f3xx_hal_tim_ex.o
 .debug_macro   0x0001e4d3      0x334 Drivers/STM32F3xx_HAL_Driver/Src/stm32f3xx_hal_uart.o
 .debug_macro   0x0001e807      0x325 Drivers/STM32F3xx_HAL_Driver/Src/stm32f3xx_hal_uart_ex.o
 .debug_macro   0x0001eb2c      0x32b Drivers/CMSIS/Device/ST/STM32F3xx/Source/Templates/system_stm32f3xx.o

.debug_line     0x00000000     0xf7b8
 .debug_line    0x00000000      0x8b6 Src/adc.o
 .debug_line    0x000008b6      0x94b Src/comm.o
 .debug_line    0x00001201      0x7f1 Src/dma.o
 .debug_line    0x000019f2      0xa3d Src/driver_bldc1.o
 .debug_line    0x0000242f      0x825 Src/gpio.o
 .debug_line    0x00002c54      0x8a4 Src/main.o
 .debug_line    0x000034f8      0x7fa Src/stm32f3xx_hal_msp.o
 .debug_line    0x00003cf2      0x877 Src/stm32f3xx_it.o
 .debug_line    0x00004569      0x92f Src/tim.o
 .debug_line    0x00004e98      0x847 Src/usart.o
 .debug_line    0x000056df      0x945 Drivers/STM32F3xx_HAL_Driver/Src/stm32f3xx_hal.o
 .debug_line    0x00006024      0x89f Drivers/STM32F3xx_HAL_Driver/Src/stm32f3xx_hal_adc.o
 .debug_line    0x000068c3     0x11ef Drivers/STM32F3xx_HAL_Driver/Src/stm32f3xx_hal_adc_ex.o
 .debug_line    0x00007ab2      0x9d9 Drivers/STM32F3xx_HAL_Driver/Src/stm32f3xx_hal_cortex.o
 .debug_line    0x0000848b      0xc92 Drivers/STM32F3xx_HAL_Driver/Src/stm32f3xx_hal_dma.o
 .debug_line    0x0000911d      0x98c Drivers/STM32F3xx_HAL_Driver/Src/stm32f3xx_hal_gpio.o
 .debug_line    0x00009aa9      0xd1a Drivers/STM32F3xx_HAL_Driver/Src/stm32f3xx_hal_rcc.o
 .debug_line    0x0000a7c3      0x9e9 Drivers/STM32F3xx_HAL_Driver/Src/stm32f3xx_hal_rcc_ex.o
 .debug_line    0x0000b1ac     0x1684 Drivers/STM32F3xx_HAL_Driver/Src/stm32f3xx_hal_tim.o
 .debug_line    0x0000c830      0xdd9 Drivers/STM32F3xx_HAL_Driver/Src/stm32f3xx_hal_tim_ex.o
 .debug_line    0x0000d609      0xfa1 Drivers/STM32F3xx_HAL_Driver/Src/stm32f3xx_hal_uart.o
 .debug_line    0x0000e5aa      0x90a Drivers/STM32F3xx_HAL_Driver/Src/stm32f3xx_hal_uart_ex.o
 .debug_line    0x0000eeb4      0x856 Drivers/CMSIS/Device/ST/STM32F3xx/Source/Templates/system_stm32f3xx.o
 .debug_line    0x0000f70a       0xae Drivers/CMSIS/Device/ST/STM32F3xx/Source/Templates/gcc/startup_stm32f302x8.o

.debug_str      0x00000000    0xa7243
 .debug_str     0x00000000    0xa38e5 Src/adc.o
                              0xa3d32 (size before relaxing)
 .debug_str     0x000a38e5      0x6e0 Src/comm.o
                              0xa3c89 (size before relaxing)
 .debug_str     0x000a3fc5       0x19 Src/dma.o
                              0xa3743 (size before relaxing)
 .debug_str     0x000a3fde      0x475 Src/driver_bldc1.o
                              0xa4047 (size before relaxing)
 .debug_str     0x000a4453       0x1b Src/gpio.o
                              0xa3803 (size before relaxing)
 .debug_str     0x000a446e      0x345 Src/main.o
                              0xa3f97 (size before relaxing)
 .debug_str     0x000a47b3       0x44 Src/stm32f3xx_hal_msp.o
                              0xa3752 (size before relaxing)
 .debug_str     0x000a47f7      0x114 Src/stm32f3xx_it.o
                              0xa3d4d (size before relaxing)
 .debug_str     0x000a490b      0x2ee Src/tim.o
                              0xa3f3a (size before relaxing)
 .debug_str     0x000a4bf9       0x4c Src/usart.o
                              0xa3ce9 (size before relaxing)
 .debug_str     0x000a4c45      0x2b2 Drivers/STM32F3xx_HAL_Driver/Src/stm32f3xx_hal.o
                              0xa3af6 (size before relaxing)
 .debug_str     0x000a4ef7      0x145 Drivers/STM32F3xx_HAL_Driver/Src/stm32f3xx_hal_adc.o
                              0xa3923 (size before relaxing)
 .debug_str     0x000a503c      0x68c Drivers/STM32F3xx_HAL_Driver/Src/stm32f3xx_hal_adc_ex.o
                              0xa4071 (size before relaxing)
 .debug_str     0x000a56c8      0x240 Drivers/STM32F3xx_HAL_Driver/Src/stm32f3xx_hal_cortex.o
                              0xa3af6 (size before relaxing)
 .debug_str     0x000a5908      0x132 Drivers/STM32F3xx_HAL_Driver/Src/stm32f3xx_hal_dma.o
                              0xa3715 (size before relaxing)
 .debug_str     0x000a5a3a      0x1f0 Drivers/STM32F3xx_HAL_Driver/Src/stm32f3xx_hal_gpio.o
                              0xa371e (size before relaxing)
 .debug_str     0x000a5c2a      0x2ca Drivers/STM32F3xx_HAL_Driver/Src/stm32f3xx_hal_rcc.o
                              0xa391c (size before relaxing)
 .debug_str     0x000a5ef4       0xc8 Drivers/STM32F3xx_HAL_Driver/Src/stm32f3xx_hal_rcc_ex.o
                              0xa36c3 (size before relaxing)
 .debug_str     0x000a5fbc      0x8ef Drivers/STM32F3xx_HAL_Driver/Src/stm32f3xx_hal_tim.o
                              0xa427d (size before relaxing)
 .debug_str     0x000a68ab      0x379 Drivers/STM32F3xx_HAL_Driver/Src/stm32f3xx_hal_tim_ex.o
                              0xa3ebc (size before relaxing)
 .debug_str     0x000a6c24      0x49f Drivers/STM32F3xx_HAL_Driver/Src/stm32f3xx_hal_uart.o
                              0xa3e4c (size before relaxing)
 .debug_str     0x000a70c3       0xed Drivers/STM32F3xx_HAL_Driver/Src/stm32f3xx_hal_uart_ex.o
                              0xa39f4 (size before relaxing)
 .debug_str     0x000a71b0       0x93 Drivers/CMSIS/Device/ST/STM32F3xx/Source/Templates/system_stm32f3xx.o
                              0xa34dd (size before relaxing)

.comment        0x00000000       0x6e
 .comment       0x00000000       0x6e Src/adc.o
                                 0x6f (size before relaxing)
 .comment       0x0000006e       0x6f Src/comm.o
 .comment       0x0000006e       0x6f Src/dma.o
 .comment       0x0000006e       0x6f Src/driver_bldc1.o
 .comment       0x0000006e       0x6f Src/gpio.o
 .comment       0x0000006e       0x6f Src/main.o
 .comment       0x0000006e       0x6f Src/stm32f3xx_hal_msp.o
 .comment       0x0000006e       0x6f Src/stm32f3xx_it.o
 .comment       0x0000006e       0x6f Src/tim.o
 .comment       0x0000006e       0x6f Src/usart.o
 .comment       0x0000006e       0x6f Drivers/STM32F3xx_HAL_Driver/Src/stm32f3xx_hal.o
 .comment       0x0000006e       0x6f Drivers/STM32F3xx_HAL_Driver/Src/stm32f3xx_hal_adc.o
 .comment       0x0000006e       0x6f Drivers/STM32F3xx_HAL_Driver/Src/stm32f3xx_hal_adc_ex.o
 .comment       0x0000006e       0x6f Drivers/STM32F3xx_HAL_Driver/Src/stm32f3xx_hal_cortex.o
 .comment       0x0000006e       0x6f Drivers/STM32F3xx_HAL_Driver/Src/stm32f3xx_hal_dma.o
 .comment       0x0000006e       0x6f Drivers/STM32F3xx_HAL_Driver/Src/stm32f3xx_hal_gpio.o
 .comment       0x0000006e       0x6f Drivers/STM32F3xx_HAL_Driver/Src/stm32f3xx_hal_rcc.o
 .comment       0x0000006e       0x6f Drivers/STM32F3xx_HAL_Driver/Src/stm32f3xx_hal_rcc_ex.o
 .comment       0x0000006e       0x6f Drivers/STM32F3xx_HAL_Driver/Src/stm32f3xx_hal_tim.o
 .comment       0x0000006e       0x6f Drivers/STM32F3xx_HAL_Driver/Src/stm32f3xx_hal_tim_ex.o
 .comment       0x0000006e       0x6f Drivers/STM32F3xx_HAL_Driver/Src/stm32f3xx_hal_uart.o
 .comment       0x0000006e       0x6f Drivers/STM32F3xx_HAL_Driver/Src/stm32f3xx_hal_uart_ex.o
 .comment       0x0000006e       0x6f Drivers/CMSIS/Device/ST/STM32F3xx/Source/Templates/system_stm32f3xx.o

.debug_frame    0x00000000     0x226c
 .debug_frame   0x00000000       0x74 Src/adc.o
 .debug_frame   0x00000074       0xec Src/comm.o
 .debug_frame   0x00000160       0x28 Src/dma.o
 .debug_frame   0x00000188      0x17c Src/driver_bldc1.o
 .debug_frame   0x00000304       0x38 Src/gpio.o
 .debug_frame   0x0000033c       0x78 Src/main.o
 .debug_frame   0x000003b4       0x28 Src/stm32f3xx_hal_msp.o
 .debug_frame   0x000003dc       0xb8 Src/stm32f3xx_it.o
 .debug_frame   0x00000494       0xd0 Src/tim.o
 .debug_frame   0x00000564       0x70 Src/usart.o
 .debug_frame   0x000005d4      0x164 Drivers/STM32F3xx_HAL_Driver/Src/stm32f3xx_hal.o
 .debug_frame   0x00000738      0x170 Drivers/STM32F3xx_HAL_Driver/Src/stm32f3xx_hal_adc.o
 .debug_frame   0x000008a8      0x3b0 Drivers/STM32F3xx_HAL_Driver/Src/stm32f3xx_hal_adc_ex.o
 .debug_frame   0x00000c58      0x120 Drivers/STM32F3xx_HAL_Driver/Src/stm32f3xx_hal_cortex.o
 .debug_frame   0x00000d78      0x11c Drivers/STM32F3xx_HAL_Driver/Src/stm32f3xx_hal_dma.o
 .debug_frame   0x00000e94       0xd4 Drivers/STM32F3xx_HAL_Driver/Src/stm32f3xx_hal_gpio.o
 .debug_frame   0x00000f68      0x13c Drivers/STM32F3xx_HAL_Driver/Src/stm32f3xx_hal_rcc.o
 .debug_frame   0x000010a4       0xa4 Drivers/STM32F3xx_HAL_Driver/Src/stm32f3xx_hal_rcc_ex.o
 .debug_frame   0x00001148      0x87c Drivers/STM32F3xx_HAL_Driver/Src/stm32f3xx_hal_tim.o
 .debug_frame   0x000019c4      0x3d8 Drivers/STM32F3xx_HAL_Driver/Src/stm32f3xx_hal_tim_ex.o
 .debug_frame   0x00001d9c      0x3d4 Drivers/STM32F3xx_HAL_Driver/Src/stm32f3xx_hal_uart.o
 .debug_frame   0x00002170       0x98 Drivers/STM32F3xx_HAL_Driver/Src/stm32f3xx_hal_uart_ex.o
 .debug_frame   0x00002208       0x38 Drivers/CMSIS/Device/ST/STM32F3xx/Source/Templates/system_stm32f3xx.o
 .debug_frame   0x00002240       0x2c /opt/eclipse/plugins/fr.ac6.mcu.externaltools.arm-none.linux64_1.11.0.201610101240/tools/gcc-arm-none-eabi-5_4-2016q2/bin/../lib/gcc/arm-none-eabi/5.4.1/../../../../arm-none-eabi/lib/armv7e-m/fpu/libc_nano.a(lib_a-init.o)
